// Jest Snapshot v1, https://goo.gl/fbAQLP

exports[`matches snapshot 1`] = `
<DocumentFragment>
  <form>
    <label
      for="width"
    >
      Width
    </label>
    <input
      id="width"
      min="0"
      name="width"
      placeholder="Box Width"
      type="number"
      value=""
    />
    <label
      for="height"
    >
      Height
    </label>
    <input
      id="height"
      min="0"
      name="height"
      placeholder="Box Height"
      type="number"
      value=""
    />
    <label
      for="backgroundColor"
    >
      Background Color
    </label>
    <input
      id="backgroundColor"
      name="backgroundColor"
      placeholder="Background Color"
      type="text"
      value=""
    />
    <button>
      Add Box
    </button>
  </form>
</DocumentFragment>
`;
